---
source: crates/jarl-cli/tests/integration/output_format.rs
expression: "&mut\nCommand::new(binary_path()).current_dir(directory).arg(\"check\").arg(\".\").arg(\"--output-format\").arg(\"full\").run().normalize_os_executable_name()"
---
success: false
exit_code: 255
----- stdout -----
warning: any_is_na
 --> test.R:1:1
  |
1 | any(is.na(x))
  | ------------- `any(is.na(...))` is inefficient.
  |
  = help: Use `anyNA(...)` instead.

Found 1 error.
1 fixable with the `--fix` option.

----- stderr -----
Error: Failed to parse test2.R due to syntax errors.


----- args -----
check . --output-format full
