---
source: crates/jarl-cli/tests/integration/toml.rs
expression: "&mut\nCommand::new(binary_path()).current_dir(directory).arg(\"check\").arg(\".\").run().normalize_os_executable_name()"
---
success: false
exit_code: 1
----- stdout -----
warning: any_is_na
 --> cpp11.R:1:1
  |
1 | any(is.na(x))
  | ------------- `any(is.na(...))` is inefficient.
  |
  = help: Use `anyNA(...)` instead.

warning: any_is_na
 --> normal.R:1:1
  |
1 | any(is.na(z))
  | ------------- `any(is.na(...))` is inefficient.
  |
  = help: Use `anyNA(...)` instead.

Found 2 errors.
2 fixable with the `--fix` option.

----- stderr -----

----- args -----
check .
