---
source: crates/flir-core/src/lints/sample_int/mod.rs
expression: "get_fixed_text(vec![\"# leading comment\\nsample(1:10, 2)\",\n\"sample(\\n  # comment\\n  1:10, 2\\n)\", \"sample(1:n,\\n    # comment\\n    2)\",\n\"sample(1:10, 2) # trailing comment\",], \"sample_int\", None)"
---
OLD:
====
# leading comment
sample(1:10, 2)
NEW:
====
# leading comment
sample.int(10, 2)

OLD:
====
sample(
  # comment
  1:10, 2
)
NEW:
====
sample(
  # comment
  1:10, 2
)

OLD:
====
sample(1:n,
    # comment
    2)
NEW:
====
sample(1:n,
    # comment
    2)

OLD:
====
sample(1:10, 2) # trailing comment
NEW:
====
sample.int(10, 2) # trailing comment
