---
source: crates/flir-core/src/lints/any_is_na/mod.rs
expression: "get_fixed_text(vec![\"any(is.na(x))\", \"any(is.na(foo(x)))\",\n\"any(is.na(x), na.rm = TRUE)\",], \"any_is_na\", None)"
---
OLD:
====
any(is.na(x))
NEW:
====
anyNA(x)

OLD:
====
any(is.na(foo(x)))
NEW:
====
anyNA(foo(x))

OLD:
====
any(is.na(x), na.rm = TRUE)
NEW:
====
anyNA(x)
