---
source: crates/flir-core/src/lints/sort/mod.rs
expression: "get_fixed_text(vec![\"# leading comment\\nx[order(x)]\",\n\"x[\\n  # comment\\n  order(x)\\n]\", \"x[order(\\n    # comment\\n    x\\n  )]\",\n\"x[order(x)] # trailing comment\",], \"sort\", None)"
---
OLD:
====
# leading comment
x[order(x)]
NEW:
====
# leading comment
sort(x)

OLD:
====
x[
  # comment
  order(x)
]
NEW:
====
x[
  # comment
  order(x)
]

OLD:
====
x[order(
    # comment
    x
  )]
NEW:
====
x[order(
    # comment
    x
  )]

OLD:
====
x[order(x)] # trailing comment
NEW:
====
sort(x) # trailing comment
