---
source: crates/flir-core/src/lints/sort/mod.rs
expression: "get_fixed_text(vec![\"x[order(x)]\", \"x[order(x, decreasing = TRUE)]\",\n\"x[order(x, na.last = TRUE)]\", \"x[order(x, method = \\\"radix\\\")]\",\n\"x[order(x, method = \\\"radix\\\", na.last = TRUE)]\",\n\"x[order(method = \\\"radix\\\", na.last = TRUE, x)]\",], \"sort\", None)"
---
OLD:
====
x[order(x)]
NEW:
====
sort(x)

OLD:
====
x[order(x, decreasing = TRUE)]
NEW:
====
sort(x, decreasing = TRUE)

OLD:
====
x[order(x, na.last = TRUE)]
NEW:
====
sort(x, na.last = TRUE)

OLD:
====
x[order(x, method = "radix")]
NEW:
====
sort(x, method = "radix")

OLD:
====
x[order(x, method = "radix", na.last = TRUE)]
NEW:
====
sort(x, na.last = TRUE, method = "radix")

OLD:
====
x[order(method = "radix", na.last = TRUE, x)]
NEW:
====
sort(x, na.last = TRUE, method = "radix")
