---
source: crates/jarl-core/src/lints/seq2/mod.rs
expression: "get_fixed_text(vec![\"seq(length(x))\", \"seq(nrow(x))\", \"seq(ncol(x))\",\n\"seq(NROW(x))\", \"seq(NCOL(x))\", \"seq(length(foo(x)))\"], \"seq2\", None)"
---
OLD:
====
seq(length(x))
NEW:
====
seq_along(x)

OLD:
====
seq(nrow(x))
NEW:
====
seq_len(nrow(x))

OLD:
====
seq(ncol(x))
NEW:
====
seq_len(ncol(x))

OLD:
====
seq(NROW(x))
NEW:
====
seq_len(NROW(x))

OLD:
====
seq(NCOL(x))
NEW:
====
seq_len(NCOL(x))

OLD:
====
seq(length(foo(x)))
NEW:
====
seq_along(foo(x))
