---
source: crates/jarl/tests/integration/jarl.rs
expression: "&mut\nCommand::new(binary_path()).current_dir(directory).arg(\"check\").arg(\".\").arg(\"--unsafe-fixes\").arg(\"--fix-only\").arg(\"--allow-no-vcs\").run().normalize_os_executable_name()"
---
success: true
exit_code: 0
----- stdout -----
All checks passed!

----- stderr -----

----- args -----
check . --unsafe-fixes --fix-only --allow-no-vcs
