---
source: crates/jarl/tests/integration/jarl.rs
expression: "&mut\nCommand::new(binary_path()).current_dir(directory).arg(\"check\").arg(\".\").arg(\"--allow-no-vcs\").run().normalize_os_executable_name()"
---
success: true
exit_code: 0
----- stdout -----
Warning: No R files found under the given path(s).

----- stderr -----

----- args -----
check . --allow-no-vcs
