---
source: crates/jarl/tests/integration/assignment_op.rs
expression: "&mut\nCommand::new(binary_path()).current_dir(directory).arg(\"check\").arg(\".\").run().normalize_os_executable_name().normalize_temp_paths()"
---
success: false
exit_code: 255
----- stdout -----

----- stderr -----
jarl failed
  Cause: Invalid value in `--assignment-op`: foo

----- args -----
check .
