---
source: crates/jarl/tests/integration/rules.rs
expression: "&mut\nCommand::new(binary_path()).current_dir(directory).arg(\"check\").arg(\".\").arg(\"--select-rules\").arg(\"any_is_na,SUSP\").run().normalize_os_executable_name()"
---
success: false
exit_code: 1
----- stdout -----
warning: any_is_na
 --> test.R:2:1
  |
2 | any(is.na(x))
  | ------------- `any(is.na(...))` is inefficient.
  |
  = help: Use `anyNA(...)` instead.

warning: all_equal
 --> test.R:3:1
  |
3 | !all.equal(x, y)
  | ---------------- `all.equal()` can return a string instead of FALSE.
  |
  = help: Wrap `all.equal()` in `isTRUE()`, or replace it by `identical()` if no tolerance is required.

Found 2 errors.
1 fixable with the `--fix` option (1 hidden fix can be enabled with the `--unsafe-fixes` option).

----- stderr -----

----- args -----
check . --select-rules any_is_na,SUSP
