---
source: crates/jarl-core/src/lints/seq/mod.rs
expression: "get_fixed_text(vec![\"1:length(x)\", \"1:nrow(x)\", \"1:ncol(x)\", \"1:NROW(x)\",\n\"1:NCOL(x)\", \"1L:length(x)\", \"1L:nrow(x)\", \"1L:ncol(x)\", \"1L:NROW(x)\",\n\"1L:NCOL(x)\", \"1:length(foo(x))\"], \"seq\", None)"
---
OLD:
====
1:length(x)
NEW:
====
seq_along(x)

OLD:
====
1:nrow(x)
NEW:
====
seq_len(nrow(x))

OLD:
====
1:ncol(x)
NEW:
====
seq_len(ncol(x))

OLD:
====
1:NROW(x)
NEW:
====
seq_len(NROW(x))

OLD:
====
1:NCOL(x)
NEW:
====
seq_len(NCOL(x))

OLD:
====
1L:length(x)
NEW:
====
seq_along(x)

OLD:
====
1L:nrow(x)
NEW:
====
seq_len(nrow(x))

OLD:
====
1L:ncol(x)
NEW:
====
seq_len(ncol(x))

OLD:
====
1L:NROW(x)
NEW:
====
seq_len(NROW(x))

OLD:
====
1L:NCOL(x)
NEW:
====
seq_len(NCOL(x))

OLD:
====
1:length(foo(x))
NEW:
====
seq_along(foo(x))
