---
source: crates/flir-core/src/lints/length_test/mod.rs
expression: "get_fixed_text(vec![\"# leading comment\\nlength(x != 0)\",\n\"length(\\n  # comment\\n  x != 0\\n)\", \"length(x\\n    # comment\\n    >= 0)\",\n\"length(x > 0) # trailing comment\",], \"length_test\", None)"
---
OLD:
====
# leading comment
length(x != 0)
NEW:
====
# leading comment
length(x) != 0

OLD:
====
length(
  # comment
  x != 0
)
NEW:
====
length(
  # comment
  x != 0
)

OLD:
====
length(x
    # comment
    >= 0)
NEW:
====
length(x
    # comment
    >= 0)

OLD:
====
length(x > 0) # trailing comment
NEW:
====
length(x) > 0 # trailing comment
