---
source: crates/flir-core/src/lints/equals_na/mod.rs
expression: "get_fixed_text(vec![\"x == NA\", \"x == NA_integer_\", \"x == NA_real_\",\n\"x == NA_logical_\", \"x == NA_character_\", \"x == NA_complex_\", \"x != NA\",\n\"foo(x(y)) == NA\", \"NA == x\",], \"equals_na\", None,)"
---
OLD:
====
x == NA
NEW:
====
is.na(x)

OLD:
====
x == NA_integer_
NEW:
====
is.na(x)

OLD:
====
x == NA_real_
NEW:
====
is.na(x)

OLD:
====
x == NA_logical_
NEW:
====
is.na(x)

OLD:
====
x == NA_character_
NEW:
====
is.na(x)

OLD:
====
x == NA_complex_
NEW:
====
is.na(x)

OLD:
====
x != NA
NEW:
====
!is.na(x)

OLD:
====
foo(x(y)) == NA
NEW:
====
is.na(foo(x(y)))

OLD:
====
NA == x
NEW:
====
is.na(x)
