---
source: crates/flir-core/src/lints/redundant_equals/mod.rs
expression: "get_fixed_text(vec![\"# leading comment\\na == TRUE\", \"a # comment\\n== TRUE\",\n\"# comment\\na == FALSE\", \"a == TRUE # trailing comment\",], \"redundant_equals\",\nNone)"
---
OLD:
====
# leading comment
a == TRUE
NEW:
====
# leading comment
a

OLD:
====
a # comment
== TRUE
NEW:
====
a # comment
== TRUE

OLD:
====
# comment
a == FALSE
NEW:
====
# comment
!a

OLD:
====
a == TRUE # trailing comment
NEW:
====
a # trailing comment
