---
source: tests/integration/flir.rs
expression: "&mut\nCommand::new(binary_path()).current_dir(directory).run().normalize_os_executable_name()"
---
success: true
exit_code: 0
----- stdout -----
test.R [1:0] any-na `any(is.na(...))` is inefficient. Use `anyNA(...)` instead.
test2.R [1:0] any-duplicated `any(duplicated(...))` is inefficient. Use `anyDuplicated(...) > 0` instead.

Found 2 errors.
2 fixable with the `--fix` option.

----- stderr -----

----- args -----
